

================================================================
== Vivado HLS Report for 'matrixmul'
================================================================
* Date:           Tue Oct 11 20:07:24 2022

* Version:        2020.1 (Build 2897737 on Wed May 27 20:21:37 MDT 2020)
* Project:        matrixmul_prj
* Solution:       solution2
* Product family: zynq
* Target device:  xc7z007s-clg400-1


================================================================
== Performance Estimates
================================================================
+ Timing: 
    * Summary: 
    +--------+----------+-----------+------------+
    |  Clock |  Target  | Estimated | Uncertainty|
    +--------+----------+-----------+------------+
    |ap_clk  | 13.33 ns | 11.024 ns |   1.67 ns  |
    +--------+----------+-----------+------------+

+ Latency: 
    * Summary: 
    +---------+---------+----------+----------+-----+-----+---------+
    |  Latency (cycles) |  Latency (absolute) |  Interval | Pipeline|
    |   min   |   max   |    min   |    max   | min | max |   Type  |
    +---------+---------+----------+----------+-----+-----+---------+
    |       20|       20| 0.267 us | 0.267 us |   20|   20|   none  |
    +---------+---------+----------+----------+-----+-----+---------+

    + Detail: 
        * Instance: 
        N/A

        * Loop: 
        +-----------+---------+---------+----------+-----------+-----------+------+----------+
        |           |  Latency (cycles) | Iteration|  Initiation Interval  | Trip |          |
        | Loop Name |   min   |   max   |  Latency |  achieved |   target  | Count| Pipelined|
        +-----------+---------+---------+----------+-----------+-----------+------+----------+
        |- Row_Col  |       18|       18|         3|          2|          1|     9|    yes   |
        +-----------+---------+---------+----------+-----------+-----------+------+----------+

============================================================
+ Verbose Summary: Synthesis Manager
============================================================
InlineROM: 1
ExposeGlobal: 0
============================================================
+ Verbose Summary: CDFG Model
============================================================
IsTopModel: 1
ResetActiveHigh: 1
IsCombinational: 0
IsDatapathOnly: 0
HasWiredReturn: 1
HasMFsm: 0
HasVarLatency: 1
IsPipeline: 0
IsRtlPipelined: 0
IsInstanceOverlapped: 0
IsDontTouch: 0
HasImplIP: 0
IsGatedGlobalClock: 0

+ Individual pipeline summary: 
  * Pipeline-0: initiation interval (II) = 2, depth = 3


============================================================
+ Verbose Summary: Schedule
============================================================
* Number of FSM states : 5
* Pipeline : 1
  Pipeline-0 : II = 2, D = 3, States = { 2 3 4 }
* Dataflow Pipeline: 0

* FSM state transitions: 
1 --> 2 
2 --> 5 3 
3 --> 4 
4 --> 2 
5 --> 

* FSM state operations: 

State 1 <SV = 0> <Delay = 1.76>
ST_1 : Operation 6 [1/1] (0.00ns)   --->   "call void (...)* @_ssdm_op_SpecBitsMap([9 x i8]* %a) nounwind, !map !7"   --->   Operation 6 'specbitsmap' <Predicate = true> <Delay = 0.00>
ST_1 : Operation 7 [1/1] (0.00ns)   --->   "call void (...)* @_ssdm_op_SpecBitsMap([9 x i8]* %b) nounwind, !map !13"   --->   Operation 7 'specbitsmap' <Predicate = true> <Delay = 0.00>
ST_1 : Operation 8 [1/1] (0.00ns)   --->   "call void (...)* @_ssdm_op_SpecBitsMap([9 x i16]* %res) nounwind, !map !17"   --->   Operation 8 'specbitsmap' <Predicate = true> <Delay = 0.00>
ST_1 : Operation 9 [1/1] (0.00ns)   --->   "call void (...)* @_ssdm_op_SpecTopModule([10 x i8]* @matrixmul_str) nounwind"   --->   Operation 9 'spectopmodule' <Predicate = true> <Delay = 0.00>
ST_1 : Operation 10 [1/1] (1.76ns)   --->   "br label %1" [matrixmul.cpp:54]   --->   Operation 10 'br' <Predicate = true> <Delay = 1.76>

State 2 <SV = 1> <Delay = 8.39>
ST_2 : Operation 11 [1/1] (0.00ns)   --->   "%indvar_flatten = phi i4 [ 0, %0 ], [ %add_ln54, %Col ]" [matrixmul.cpp:54]   --->   Operation 11 'phi' 'indvar_flatten' <Predicate = true> <Delay = 0.00>
ST_2 : Operation 12 [1/1] (0.00ns)   --->   "%i_0 = phi i2 [ 0, %0 ], [ %select_ln57_1, %Col ]" [matrixmul.cpp:57]   --->   Operation 12 'phi' 'i_0' <Predicate = true> <Delay = 0.00>
ST_2 : Operation 13 [1/1] (0.00ns)   --->   "%j_0 = phi i2 [ 0, %0 ], [ %j, %Col ]"   --->   Operation 13 'phi' 'j_0' <Predicate = true> <Delay = 0.00>
ST_2 : Operation 14 [1/1] (1.30ns)   --->   "%icmp_ln54 = icmp eq i4 %indvar_flatten, -7" [matrixmul.cpp:54]   --->   Operation 14 'icmp' 'icmp_ln54' <Predicate = true> <Delay = 1.30> <Core = "Cmp">   --->   Core 25 'Cmp' <Latency = 0> <II = 1> <Delay = 0.95> <FuncUnit> <Opcode : 'icmp'> <InPorts = 2> <OutPorts = 1>
ST_2 : Operation 15 [1/1] (1.73ns)   --->   "%add_ln54 = add i4 %indvar_flatten, 1" [matrixmul.cpp:54]   --->   Operation 15 'add' 'add_ln54' <Predicate = true> <Delay = 1.73> <Core = "AddSub">   --->   Core 14 'AddSub' <Latency = 0> <II = 1> <Delay = 1.56> <FuncUnit> <Opcode : 'add' 'sub'> <InPorts = 2> <OutPorts = 1>
ST_2 : Operation 16 [1/1] (0.00ns)   --->   "br i1 %icmp_ln54, label %2, label %Col" [matrixmul.cpp:54]   --->   Operation 16 'br' <Predicate = true> <Delay = 0.00>
ST_2 : Operation 17 [1/1] (1.56ns)   --->   "%i = add i2 %i_0, 1" [matrixmul.cpp:54]   --->   Operation 17 'add' 'i' <Predicate = (!icmp_ln54)> <Delay = 1.56> <Core = "AddSub">   --->   Core 14 'AddSub' <Latency = 0> <II = 1> <Delay = 1.56> <FuncUnit> <Opcode : 'add' 'sub'> <InPorts = 2> <OutPorts = 1>
ST_2 : Operation 18 [1/1] (0.95ns)   --->   "%icmp_ln56 = icmp eq i2 %j_0, -1" [matrixmul.cpp:56]   --->   Operation 18 'icmp' 'icmp_ln56' <Predicate = (!icmp_ln54)> <Delay = 0.95> <Core = "Cmp">   --->   Core 25 'Cmp' <Latency = 0> <II = 1> <Delay = 0.95> <FuncUnit> <Opcode : 'icmp'> <InPorts = 2> <OutPorts = 1>
ST_2 : Operation 19 [1/1] (0.99ns)   --->   "%select_ln57 = select i1 %icmp_ln56, i2 0, i2 %j_0" [matrixmul.cpp:57]   --->   Operation 19 'select' 'select_ln57' <Predicate = (!icmp_ln54)> <Delay = 0.99> <Core = "Sel">   --->   Core 26 'Sel' <Latency = 0> <II = 1> <Delay = 0.99> <FuncUnit> <Opcode : 'select'> <InPorts = 3> <OutPorts = 1>
ST_2 : Operation 20 [1/1] (0.99ns)   --->   "%select_ln57_1 = select i1 %icmp_ln56, i2 %i, i2 %i_0" [matrixmul.cpp:57]   --->   Operation 20 'select' 'select_ln57_1' <Predicate = (!icmp_ln54)> <Delay = 0.99> <Core = "Sel">   --->   Core 26 'Sel' <Latency = 0> <II = 1> <Delay = 0.99> <FuncUnit> <Opcode : 'select'> <InPorts = 3> <OutPorts = 1>
ST_2 : Operation 21 [1/1] (0.00ns)   --->   "%zext_ln60 = zext i2 %select_ln57_1 to i5" [matrixmul.cpp:60]   --->   Operation 21 'zext' 'zext_ln60' <Predicate = (!icmp_ln54)> <Delay = 0.00>
ST_2 : Operation 22 [1/1] (0.00ns)   --->   "%tmp = call i4 @_ssdm_op_BitConcatenate.i4.i2.i2(i2 %select_ln57_1, i2 0)" [matrixmul.cpp:60]   --->   Operation 22 'bitconcatenate' 'tmp' <Predicate = (!icmp_ln54)> <Delay = 0.00>
ST_2 : Operation 23 [1/1] (0.00ns)   --->   "%zext_ln60_1 = zext i4 %tmp to i5" [matrixmul.cpp:60]   --->   Operation 23 'zext' 'zext_ln60_1' <Predicate = (!icmp_ln54)> <Delay = 0.00>
ST_2 : Operation 24 [1/1] (1.73ns)   --->   "%sub_ln60 = sub i5 %zext_ln60_1, %zext_ln60" [matrixmul.cpp:60]   --->   Operation 24 'sub' 'sub_ln60' <Predicate = (!icmp_ln54)> <Delay = 1.73> <Core = "AddSub">   --->   Core 14 'AddSub' <Latency = 0> <II = 1> <Delay = 1.56> <FuncUnit> <Opcode : 'add' 'sub'> <InPorts = 2> <OutPorts = 1>
ST_2 : Operation 25 [1/1] (0.00ns)   --->   "%sext_ln60_6 = sext i5 %sub_ln60 to i64" [matrixmul.cpp:60]   --->   Operation 25 'sext' 'sext_ln60_6' <Predicate = (!icmp_ln54)> <Delay = 0.00>
ST_2 : Operation 26 [1/1] (0.00ns)   --->   "%a_addr = getelementptr [9 x i8]* %a, i64 0, i64 %sext_ln60_6" [matrixmul.cpp:60]   --->   Operation 26 'getelementptr' 'a_addr' <Predicate = (!icmp_ln54)> <Delay = 0.00>
ST_2 : Operation 27 [1/1] (1.78ns)   --->   "%add_ln60_3 = add i5 %sub_ln60, 2" [matrixmul.cpp:60]   --->   Operation 27 'add' 'add_ln60_3' <Predicate = (!icmp_ln54)> <Delay = 1.78> <Core = "AddSub">   --->   Core 14 'AddSub' <Latency = 0> <II = 1> <Delay = 1.56> <FuncUnit> <Opcode : 'add' 'sub'> <InPorts = 2> <OutPorts = 1>
ST_2 : Operation 28 [1/1] (0.00ns)   --->   "%sext_ln60_8 = sext i5 %add_ln60_3 to i64" [matrixmul.cpp:60]   --->   Operation 28 'sext' 'sext_ln60_8' <Predicate = (!icmp_ln54)> <Delay = 0.00>
ST_2 : Operation 29 [1/1] (0.00ns)   --->   "%a_addr_2 = getelementptr [9 x i8]* %a, i64 0, i64 %sext_ln60_8" [matrixmul.cpp:60]   --->   Operation 29 'getelementptr' 'a_addr_2' <Predicate = (!icmp_ln54)> <Delay = 0.00>
ST_2 : Operation 30 [1/1] (0.00ns)   --->   "%zext_ln57 = zext i2 %select_ln57 to i64" [matrixmul.cpp:57]   --->   Operation 30 'zext' 'zext_ln57' <Predicate = (!icmp_ln54)> <Delay = 0.00>
ST_2 : Operation 31 [1/1] (0.00ns)   --->   "%zext_ln60_3 = zext i2 %select_ln57 to i4" [matrixmul.cpp:60]   --->   Operation 31 'zext' 'zext_ln60_3' <Predicate = (!icmp_ln54)> <Delay = 0.00>
ST_2 : Operation 32 [1/1] (0.00ns)   --->   "%b_addr = getelementptr [9 x i8]* %b, i64 0, i64 %zext_ln57" [matrixmul.cpp:60]   --->   Operation 32 'getelementptr' 'b_addr' <Predicate = (!icmp_ln54)> <Delay = 0.00>
ST_2 : Operation 33 [1/1] (1.73ns)   --->   "%add_ln60_5 = add i4 %zext_ln60_3, 6" [matrixmul.cpp:60]   --->   Operation 33 'add' 'add_ln60_5' <Predicate = (!icmp_ln54)> <Delay = 1.73> <Core = "AddSub">   --->   Core 14 'AddSub' <Latency = 0> <II = 1> <Delay = 1.56> <FuncUnit> <Opcode : 'add' 'sub'> <InPorts = 2> <OutPorts = 1>
ST_2 : Operation 34 [1/1] (0.00ns)   --->   "%zext_ln60_6 = zext i4 %add_ln60_5 to i64" [matrixmul.cpp:60]   --->   Operation 34 'zext' 'zext_ln60_6' <Predicate = (!icmp_ln54)> <Delay = 0.00>
ST_2 : Operation 35 [1/1] (0.00ns)   --->   "%b_addr_2 = getelementptr [9 x i8]* %b, i64 0, i64 %zext_ln60_6" [matrixmul.cpp:60]   --->   Operation 35 'getelementptr' 'b_addr_2' <Predicate = (!icmp_ln54)> <Delay = 0.00>
ST_2 : Operation 36 [2/2] (2.32ns)   --->   "%a_load = load i8* %a_addr, align 1" [matrixmul.cpp:60]   --->   Operation 36 'load' 'a_load' <Predicate = (!icmp_ln54)> <Delay = 2.32> <Core = "RAM">   --->   Core 37 'RAM' <Latency = 1> <II = 1> <Delay = 2.32> <Storage> <Opcode : 'load' 'store'> <Ports = 2> <Width = 16> <Depth = 9> <RAM>
ST_2 : Operation 37 [2/2] (2.32ns)   --->   "%b_load = load i8* %b_addr, align 1" [matrixmul.cpp:60]   --->   Operation 37 'load' 'b_load' <Predicate = (!icmp_ln54)> <Delay = 2.32> <Core = "RAM">   --->   Core 37 'RAM' <Latency = 1> <II = 1> <Delay = 2.32> <Storage> <Opcode : 'load' 'store'> <Ports = 2> <Width = 16> <Depth = 9> <RAM>
ST_2 : Operation 38 [2/2] (2.32ns)   --->   "%a_load_2 = load i8* %a_addr_2, align 1" [matrixmul.cpp:60]   --->   Operation 38 'load' 'a_load_2' <Predicate = (!icmp_ln54)> <Delay = 2.32> <Core = "RAM">   --->   Core 37 'RAM' <Latency = 1> <II = 1> <Delay = 2.32> <Storage> <Opcode : 'load' 'store'> <Ports = 2> <Width = 16> <Depth = 9> <RAM>
ST_2 : Operation 39 [2/2] (2.32ns)   --->   "%b_load_2 = load i8* %b_addr_2, align 1" [matrixmul.cpp:60]   --->   Operation 39 'load' 'b_load_2' <Predicate = (!icmp_ln54)> <Delay = 2.32> <Core = "RAM">   --->   Core 37 'RAM' <Latency = 1> <II = 1> <Delay = 2.32> <Storage> <Opcode : 'load' 'store'> <Ports = 2> <Width = 16> <Depth = 9> <RAM>

State 3 <SV = 2> <Delay = 9.51>
ST_3 : Operation 40 [1/1] (1.78ns)   --->   "%add_ln60_2 = add i5 %sub_ln60, 1" [matrixmul.cpp:60]   --->   Operation 40 'add' 'add_ln60_2' <Predicate = (!icmp_ln54)> <Delay = 1.78> <Core = "AddSub">   --->   Core 14 'AddSub' <Latency = 0> <II = 1> <Delay = 1.56> <FuncUnit> <Opcode : 'add' 'sub'> <InPorts = 2> <OutPorts = 1>
ST_3 : Operation 41 [1/1] (0.00ns)   --->   "%sext_ln60_7 = sext i5 %add_ln60_2 to i64" [matrixmul.cpp:60]   --->   Operation 41 'sext' 'sext_ln60_7' <Predicate = (!icmp_ln54)> <Delay = 0.00>
ST_3 : Operation 42 [1/1] (0.00ns)   --->   "%a_addr_1 = getelementptr [9 x i8]* %a, i64 0, i64 %sext_ln60_7" [matrixmul.cpp:60]   --->   Operation 42 'getelementptr' 'a_addr_1' <Predicate = (!icmp_ln54)> <Delay = 0.00>
ST_3 : Operation 43 [1/1] (0.00ns)   --->   "%zext_ln60_4 = zext i2 %select_ln57 to i3" [matrixmul.cpp:60]   --->   Operation 43 'zext' 'zext_ln60_4' <Predicate = (!icmp_ln54)> <Delay = 0.00>
ST_3 : Operation 44 [1/1] (1.65ns)   --->   "%add_ln60_4 = add i3 %zext_ln60_4, 3" [matrixmul.cpp:60]   --->   Operation 44 'add' 'add_ln60_4' <Predicate = (!icmp_ln54)> <Delay = 1.65> <Core = "AddSub">   --->   Core 14 'AddSub' <Latency = 0> <II = 1> <Delay = 1.56> <FuncUnit> <Opcode : 'add' 'sub'> <InPorts = 2> <OutPorts = 1>
ST_3 : Operation 45 [1/1] (0.00ns)   --->   "%zext_ln60_5 = zext i3 %add_ln60_4 to i64" [matrixmul.cpp:60]   --->   Operation 45 'zext' 'zext_ln60_5' <Predicate = (!icmp_ln54)> <Delay = 0.00>
ST_3 : Operation 46 [1/1] (0.00ns)   --->   "%b_addr_1 = getelementptr [9 x i8]* %b, i64 0, i64 %zext_ln60_5" [matrixmul.cpp:60]   --->   Operation 46 'getelementptr' 'b_addr_1' <Predicate = (!icmp_ln54)> <Delay = 0.00>
ST_3 : Operation 47 [1/2] (2.32ns)   --->   "%a_load = load i8* %a_addr, align 1" [matrixmul.cpp:60]   --->   Operation 47 'load' 'a_load' <Predicate = (!icmp_ln54)> <Delay = 2.32> <Core = "RAM">   --->   Core 37 'RAM' <Latency = 1> <II = 1> <Delay = 2.32> <Storage> <Opcode : 'load' 'store'> <Ports = 2> <Width = 16> <Depth = 9> <RAM>
ST_3 : Operation 48 [1/1] (0.00ns)   --->   "%sext_ln60 = sext i8 %a_load to i16" [matrixmul.cpp:60]   --->   Operation 48 'sext' 'sext_ln60' <Predicate = (!icmp_ln54)> <Delay = 0.00>
ST_3 : Operation 49 [1/2] (2.32ns)   --->   "%b_load = load i8* %b_addr, align 1" [matrixmul.cpp:60]   --->   Operation 49 'load' 'b_load' <Predicate = (!icmp_ln54)> <Delay = 2.32> <Core = "RAM">   --->   Core 37 'RAM' <Latency = 1> <II = 1> <Delay = 2.32> <Storage> <Opcode : 'load' 'store'> <Ports = 2> <Width = 16> <Depth = 9> <RAM>
ST_3 : Operation 50 [1/1] (0.00ns)   --->   "%sext_ln60_1 = sext i8 %b_load to i16" [matrixmul.cpp:60]   --->   Operation 50 'sext' 'sext_ln60_1' <Predicate = (!icmp_ln54)> <Delay = 0.00>
ST_3 : Operation 51 [1/1] (3.36ns) (grouped into DSP with root node add_ln60)   --->   "%mul_ln60 = mul i16 %sext_ln60_1, %sext_ln60" [matrixmul.cpp:60]   --->   Operation 51 'mul' 'mul_ln60' <Predicate = (!icmp_ln54)> <Delay = 3.36> <Core = "DSP48">   --->   Core 88 'DSP48' <Latency = 0> <II = 1> <Delay = 6.38> <IPBlock> <Opcode : 'mul' 'add' 'sub' 'select'> <InPorts = 0> <OutPorts = 1> <Sync> <CReg>
ST_3 : Operation 52 [2/2] (2.32ns)   --->   "%a_load_1 = load i8* %a_addr_1, align 1" [matrixmul.cpp:60]   --->   Operation 52 'load' 'a_load_1' <Predicate = (!icmp_ln54)> <Delay = 2.32> <Core = "RAM">   --->   Core 37 'RAM' <Latency = 1> <II = 1> <Delay = 2.32> <Storage> <Opcode : 'load' 'store'> <Ports = 2> <Width = 16> <Depth = 9> <RAM>
ST_3 : Operation 53 [2/2] (2.32ns)   --->   "%b_load_1 = load i8* %b_addr_1, align 1" [matrixmul.cpp:60]   --->   Operation 53 'load' 'b_load_1' <Predicate = (!icmp_ln54)> <Delay = 2.32> <Core = "RAM">   --->   Core 37 'RAM' <Latency = 1> <II = 1> <Delay = 2.32> <Storage> <Opcode : 'load' 'store'> <Ports = 2> <Width = 16> <Depth = 9> <RAM>
ST_3 : Operation 54 [1/2] (2.32ns)   --->   "%a_load_2 = load i8* %a_addr_2, align 1" [matrixmul.cpp:60]   --->   Operation 54 'load' 'a_load_2' <Predicate = (!icmp_ln54)> <Delay = 2.32> <Core = "RAM">   --->   Core 37 'RAM' <Latency = 1> <II = 1> <Delay = 2.32> <Storage> <Opcode : 'load' 'store'> <Ports = 2> <Width = 16> <Depth = 9> <RAM>
ST_3 : Operation 55 [1/1] (0.00ns)   --->   "%sext_ln60_4 = sext i8 %a_load_2 to i16" [matrixmul.cpp:60]   --->   Operation 55 'sext' 'sext_ln60_4' <Predicate = (!icmp_ln54)> <Delay = 0.00>
ST_3 : Operation 56 [1/2] (2.32ns)   --->   "%b_load_2 = load i8* %b_addr_2, align 1" [matrixmul.cpp:60]   --->   Operation 56 'load' 'b_load_2' <Predicate = (!icmp_ln54)> <Delay = 2.32> <Core = "RAM">   --->   Core 37 'RAM' <Latency = 1> <II = 1> <Delay = 2.32> <Storage> <Opcode : 'load' 'store'> <Ports = 2> <Width = 16> <Depth = 9> <RAM>
ST_3 : Operation 57 [1/1] (0.00ns)   --->   "%sext_ln60_5 = sext i8 %b_load_2 to i16" [matrixmul.cpp:60]   --->   Operation 57 'sext' 'sext_ln60_5' <Predicate = (!icmp_ln54)> <Delay = 0.00>
ST_3 : Operation 58 [1/1] (4.17ns)   --->   "%mul_ln60_2 = mul i16 %sext_ln60_5, %sext_ln60_4" [matrixmul.cpp:60]   --->   Operation 58 'mul' 'mul_ln60_2' <Predicate = (!icmp_ln54)> <Delay = 4.17> <Core = "Mul">   --->   Core 16 'Mul' <Latency = 0> <II = 1> <Delay = 4.17> <FuncUnit> <Opcode : 'mul'> <InPorts = 2> <OutPorts = 1>
ST_3 : Operation 59 [1/1] (3.02ns) (root node of the DSP)   --->   "%add_ln60 = add i16 %mul_ln60_2, %mul_ln60" [matrixmul.cpp:60]   --->   Operation 59 'add' 'add_ln60' <Predicate = (!icmp_ln54)> <Delay = 3.02> <Core = "DSP48">   --->   Core 88 'DSP48' <Latency = 0> <II = 1> <Delay = 6.38> <IPBlock> <Opcode : 'mul' 'add' 'sub' 'select'> <InPorts = 0> <OutPorts = 1> <Sync> <CReg>
ST_3 : Operation 60 [1/1] (1.56ns)   --->   "%j = add i2 %select_ln57, 1" [matrixmul.cpp:56]   --->   Operation 60 'add' 'j' <Predicate = (!icmp_ln54)> <Delay = 1.56> <Core = "AddSub">   --->   Core 14 'AddSub' <Latency = 0> <II = 1> <Delay = 1.56> <FuncUnit> <Opcode : 'add' 'sub'> <InPorts = 2> <OutPorts = 1>

State 4 <SV = 3> <Delay = 11.0>
ST_4 : Operation 61 [1/1] (0.00ns)   --->   "call void (...)* @_ssdm_op_SpecLoopName([8 x i8]* @Row_Col_str)"   --->   Operation 61 'specloopname' <Predicate = (!icmp_ln54)> <Delay = 0.00>
ST_4 : Operation 62 [1/1] (0.00ns)   --->   "%empty = call i32 (...)* @_ssdm_op_SpecLoopTripCount(i64 9, i64 9, i64 9) nounwind"   --->   Operation 62 'speclooptripcount' 'empty' <Predicate = (!icmp_ln54)> <Delay = 0.00>
ST_4 : Operation 63 [1/1] (0.00ns)   --->   "call void (...)* @_ssdm_op_SpecLoopName([4 x i8]* @p_str1) nounwind" [matrixmul.cpp:56]   --->   Operation 63 'specloopname' <Predicate = (!icmp_ln54)> <Delay = 0.00>
ST_4 : Operation 64 [1/1] (0.00ns)   --->   "%tmp_1 = call i32 (...)* @_ssdm_op_SpecRegionBegin([4 x i8]* @p_str1) nounwind" [matrixmul.cpp:56]   --->   Operation 64 'specregionbegin' 'tmp_1' <Predicate = (!icmp_ln54)> <Delay = 0.00>
ST_4 : Operation 65 [1/1] (0.00ns)   --->   "call void (...)* @_ssdm_op_SpecPipeline(i32 -1, i32 1, i32 1, i32 0, [1 x i8]* @p_str2) nounwind" [matrixmul.cpp:57]   --->   Operation 65 'specpipeline' <Predicate = (!icmp_ln54)> <Delay = 0.00>
ST_4 : Operation 66 [1/1] (0.00ns)   --->   "%zext_ln60_2 = zext i2 %select_ln57 to i5" [matrixmul.cpp:60]   --->   Operation 66 'zext' 'zext_ln60_2' <Predicate = (!icmp_ln54)> <Delay = 0.00>
ST_4 : Operation 67 [1/1] (1.78ns)   --->   "%add_ln57 = add i5 %sub_ln60, %zext_ln60_2" [matrixmul.cpp:57]   --->   Operation 67 'add' 'add_ln57' <Predicate = (!icmp_ln54)> <Delay = 1.78> <Core = "AddSub">   --->   Core 14 'AddSub' <Latency = 0> <II = 1> <Delay = 1.56> <FuncUnit> <Opcode : 'add' 'sub'> <InPorts = 2> <OutPorts = 1>
ST_4 : Operation 68 [1/1] (0.00ns)   --->   "%sext_ln57 = sext i5 %add_ln57 to i64" [matrixmul.cpp:57]   --->   Operation 68 'sext' 'sext_ln57' <Predicate = (!icmp_ln54)> <Delay = 0.00>
ST_4 : Operation 69 [1/1] (0.00ns)   --->   "%res_addr = getelementptr [9 x i16]* %res, i64 0, i64 %sext_ln57" [matrixmul.cpp:57]   --->   Operation 69 'getelementptr' 'res_addr' <Predicate = (!icmp_ln54)> <Delay = 0.00>
ST_4 : Operation 70 [1/2] (2.32ns)   --->   "%a_load_1 = load i8* %a_addr_1, align 1" [matrixmul.cpp:60]   --->   Operation 70 'load' 'a_load_1' <Predicate = (!icmp_ln54)> <Delay = 2.32> <Core = "RAM">   --->   Core 37 'RAM' <Latency = 1> <II = 1> <Delay = 2.32> <Storage> <Opcode : 'load' 'store'> <Ports = 2> <Width = 16> <Depth = 9> <RAM>
ST_4 : Operation 71 [1/1] (0.00ns)   --->   "%sext_ln60_2 = sext i8 %a_load_1 to i16" [matrixmul.cpp:60]   --->   Operation 71 'sext' 'sext_ln60_2' <Predicate = (!icmp_ln54)> <Delay = 0.00>
ST_4 : Operation 72 [1/2] (2.32ns)   --->   "%b_load_1 = load i8* %b_addr_1, align 1" [matrixmul.cpp:60]   --->   Operation 72 'load' 'b_load_1' <Predicate = (!icmp_ln54)> <Delay = 2.32> <Core = "RAM">   --->   Core 37 'RAM' <Latency = 1> <II = 1> <Delay = 2.32> <Storage> <Opcode : 'load' 'store'> <Ports = 2> <Width = 16> <Depth = 9> <RAM>
ST_4 : Operation 73 [1/1] (0.00ns)   --->   "%sext_ln60_3 = sext i8 %b_load_1 to i16" [matrixmul.cpp:60]   --->   Operation 73 'sext' 'sext_ln60_3' <Predicate = (!icmp_ln54)> <Delay = 0.00>
ST_4 : Operation 74 [1/1] (3.36ns) (grouped into DSP with root node add_ln60_1)   --->   "%mul_ln60_1 = mul i16 %sext_ln60_3, %sext_ln60_2" [matrixmul.cpp:60]   --->   Operation 74 'mul' 'mul_ln60_1' <Predicate = (!icmp_ln54)> <Delay = 3.36> <Core = "DSP48">   --->   Core 88 'DSP48' <Latency = 0> <II = 1> <Delay = 6.38> <IPBlock> <Opcode : 'mul' 'add' 'sub' 'select'> <InPorts = 0> <OutPorts = 1> <Sync> <CReg>
ST_4 : Operation 75 [1/1] (3.02ns) (root node of the DSP)   --->   "%add_ln60_1 = add i16 %mul_ln60_1, %add_ln60" [matrixmul.cpp:60]   --->   Operation 75 'add' 'add_ln60_1' <Predicate = (!icmp_ln54)> <Delay = 3.02> <Core = "DSP48">   --->   Core 88 'DSP48' <Latency = 0> <II = 1> <Delay = 6.38> <IPBlock> <Opcode : 'mul' 'add' 'sub' 'select'> <InPorts = 0> <OutPorts = 1> <Sync> <CReg>
ST_4 : Operation 76 [1/1] (2.32ns)   --->   "store i16 %add_ln60_1, i16* %res_addr, align 2" [matrixmul.cpp:60]   --->   Operation 76 'store' <Predicate = (!icmp_ln54)> <Delay = 2.32> <Core = "RAM">   --->   Core 37 'RAM' <Latency = 1> <II = 1> <Delay = 2.32> <Storage> <Opcode : 'load' 'store'> <Ports = 2> <Width = 16> <Depth = 9> <RAM>
ST_4 : Operation 77 [1/1] (0.00ns)   --->   "%empty_2 = call i32 (...)* @_ssdm_op_SpecRegionEnd([4 x i8]* @p_str1, i32 %tmp_1) nounwind" [matrixmul.cpp:62]   --->   Operation 77 'specregionend' 'empty_2' <Predicate = (!icmp_ln54)> <Delay = 0.00>
ST_4 : Operation 78 [1/1] (0.00ns)   --->   "br label %1"   --->   Operation 78 'br' <Predicate = (!icmp_ln54)> <Delay = 0.00>

State 5 <SV = 2> <Delay = 0.00>
ST_5 : Operation 79 [1/1] (0.00ns)   --->   "ret void" [matrixmul.cpp:65]   --->   Operation 79 'ret' <Predicate = true> <Delay = 0.00>


============================================================
+ Verbose Summary: Timing violations
============================================================
Target clock period: 13.3ns, clock uncertainty: 1.67ns.

 <State 1>: 1.77ns
The critical path consists of the following:
	multiplexor before 'phi' operation ('indvar_flatten', matrixmul.cpp:54) with incoming values : ('add_ln54', matrixmul.cpp:54) [10]  (1.77 ns)

 <State 2>: 8.39ns
The critical path consists of the following:
	'phi' operation ('i_0', matrixmul.cpp:57) with incoming values : ('select_ln57_1', matrixmul.cpp:57) [11]  (0 ns)
	'add' operation ('i', matrixmul.cpp:54) [17]  (1.56 ns)
	'select' operation ('select_ln57_1', matrixmul.cpp:57) [22]  (0.993 ns)
	'sub' operation ('sub_ln60', matrixmul.cpp:60) [26]  (1.74 ns)
	'add' operation ('add_ln60_3', matrixmul.cpp:60) [32]  (1.78 ns)
	'getelementptr' operation ('a_addr_2', matrixmul.cpp:60) [34]  (0 ns)
	'load' operation ('a_load_2', matrixmul.cpp:60) on array 'a' [62]  (2.32 ns)

 <State 3>: 9.51ns
The critical path consists of the following:
	'load' operation ('a_load_2', matrixmul.cpp:60) on array 'a' [62]  (2.32 ns)
	'mul' operation ('mul_ln60_2', matrixmul.cpp:60) [66]  (4.17 ns)
	'add' operation of DSP[67] ('add_ln60', matrixmul.cpp:60) [67]  (3.02 ns)

 <State 4>: 11ns
The critical path consists of the following:
	'load' operation ('a_load_1', matrixmul.cpp:60) on array 'a' [57]  (2.32 ns)
	'mul' operation of DSP[68] ('mul_ln60_1', matrixmul.cpp:60) [61]  (3.36 ns)
	'add' operation of DSP[68] ('add_ln60_1', matrixmul.cpp:60) [68]  (3.02 ns)
	'store' operation ('store_ln60', matrixmul.cpp:60) of variable 'add_ln60_1', matrixmul.cpp:60 on array 'res' [69]  (2.32 ns)

 <State 5>: 0ns
The critical path consists of the following:


============================================================
+ Verbose Summary: Binding
============================================================
N/A
* FSMD analyzer results:
  - Output states:
 - Input state : 
  - Chain level:
	State 1
	State 2
	State 3
	State 4
	State 5


============================================================
+ Verbose Summary: Datapath Resource usage 
============================================================
N/A
